// Vitest Snapshot v1, https://vitest.dev/guide/snapshot.html

exports[`createTrelloClient — API contract > exposes stable set of namespaces and methods 1`] = `
{
  "actions": [
    "createActionReaction",
    "deleteAction",
    "deleteActionReaction",
    "getAction",
    "getActionBoard",
    "getActionCard",
    "getActionCreator",
    "getActionField",
    "getActionList",
    "getActionMember",
    "getActionOrganization",
    "getActionReaction",
    "getActionReactionSummary",
    "getActionReactions",
    "updateAction",
    "updateActionText",
  ],
  "batch": [
    "run",
  ],
  "boards": [
    "addBoardTag",
    "createBoard",
    "createBoardLabel",
    "createBoardList",
    "deleteBoard",
    "disableBoardPlugin",
    "enableBoardPlugin",
    "generateBoardCalendarKey",
    "generateBoardEmailKey",
    "getBoard",
    "getBoardActions",
    "getBoardCards",
    "getBoardCardsByFilter",
    "getBoardChecklists",
    "getBoardCustomFields",
    "getBoardField",
    "getBoardLabels",
    "getBoardLists",
    "getBoardListsByFilter",
    "getBoardMembers",
    "getBoardMemberships",
    "getBoardPlugins",
    "getBoardPowerUps",
    "getBoardStars",
    "inviteBoardMember",
    "markBoardAsViewed",
    "removeBoardMember",
    "updateBoard",
    "updateBoardEmailList",
    "updateBoardEmailPosition",
    "updateBoardMember",
    "updateBoardMembership",
    "updateBoardShowSidebar",
    "updateBoardShowSidebarActivity",
    "updateBoardShowSidebarBoardActions",
    "updateBoardShowSidebarMembers",
  ],
  "cards": [
    "addCardLabel",
    "addCardMember",
    "createCard",
    "createCardAttachment",
    "createCardChecklist",
    "createCardComment",
    "createCardLabel",
    "createCardSticker",
    "deleteCard",
    "deleteCardAttachment",
    "deleteCardCheckItem",
    "deleteCardComment",
    "deleteCardSticker",
    "getCard",
    "getCardActions",
    "getCardAttachment",
    "getCardAttachments",
    "getCardBoard",
    "getCardCheckItem",
    "getCardCheckItemStates",
    "getCardChecklists",
    "getCardCustomFieldItems",
    "getCardField",
    "getCardList",
    "getCardMembers",
    "getCardMembersVoted",
    "getCardPluginData",
    "getCardSticker",
    "getCardStickers",
    "markCardNotificationsRead",
    "removeCardChecklist",
    "removeCardLabel",
    "removeCardMember",
    "removeCardMemberVote",
    "updateCard",
    "updateCardCheckItem",
    "updateCardChecklistItem",
    "updateCardComment",
    "updateCardCustomFieldItem",
    "updateCardCustomFields",
    "updateCardSticker",
    "voteOnCard",
  ],
  "checklists": [
    "createChecklist",
    "createChecklistItem",
    "deleteChecklist",
    "deleteChecklistItem",
    "getChecklist",
    "getChecklistBoard",
    "getChecklistCards",
    "getChecklistField",
    "getChecklistItem",
    "getChecklistItems",
    "updateChecklist",
    "updateChecklistField",
  ],
  "customFields": [
    "createCustomField",
    "createCustomFieldOption",
    "deleteCustomField",
    "deleteCustomFieldOption",
    "getCustomField",
    "getCustomFieldOption",
    "getCustomFieldOptions",
    "updateCustomField",
  ],
  "emoji": [
    "getEmoji",
  ],
  "enterprises": [
    "addEnterpriseAdmin",
    "addEnterpriseOrganization",
    "createEnterpriseToken",
    "deactivateEnterpriseMember",
    "getEnterprise",
    "getEnterpriseAdmins",
    "getEnterpriseAuditLog",
    "getEnterpriseBulkOrganizations",
    "getEnterpriseBulkTransferrableOrganizations",
    "getEnterpriseClaimableOrganizations",
    "getEnterpriseMember",
    "getEnterpriseMembers",
    "getEnterpriseOrganizations",
    "getEnterprisePendingOrganizations",
    "getEnterpriseSignUpUrl",
    "getEnterpriseTransferrableOrganization",
    "getUser",
    "removeEnterpriseAdmin",
    "removeEnterpriseOrganization",
    "updateEnterpriseJoinRequests",
    "updateEnterpriseMemberLicensed",
  ],
  "labels": [
    "createLabel",
    "deleteLabel",
    "getLabel",
    "updateLabel",
    "updateLabelField",
  ],
  "lists": [
    "archiveAllListCards",
    "archiveList",
    "createList",
    "getList",
    "getListActions",
    "getListBoard",
    "getListCards",
    "moveAllListCards",
    "moveListToBoard",
    "updateList",
    "updateListField",
  ],
  "members": [
    "createMemberBoardBackground",
    "createMemberCustomBoardBackground",
    "createMemberSavedSearch",
    "deleteMemberBoardBackground",
    "deleteMemberCustomBoardBackground",
    "deleteMemberCustomSticker",
    "deleteMemberSavedSearch",
    "dismissMemberOneTimeMessage",
    "getMember",
    "getMemberActions",
    "getMemberBoardBackground",
    "getMemberBoardBackgrounds",
    "getMemberBoardStar",
    "getMemberBoardStars",
    "getMemberBoards",
    "getMemberCards",
    "getMemberCustomBoardBackground",
    "getMemberCustomBoardBackgrounds",
    "getMemberCustomEmoji",
    "getMemberCustomEmojis",
    "getMemberCustomSticker",
    "getMemberCustomStickers",
    "getMemberField",
    "getMemberInvitedBoards",
    "getMemberInvitedOrganizations",
    "getMemberNotificationChannelSetting",
    "getMemberNotificationChannelSettings",
    "getMemberNotifications",
    "getMemberOrganizations",
    "getMemberSavedSearch",
    "getMemberSavedSearches",
    "getMemberTokens",
    "starBoard",
    "unstarBoard",
    "updateMember",
    "updateMemberBoardBackground",
    "updateMemberBoardStar",
    "updateMemberCustomBoardBackground",
    "updateMemberNotificationChannelBlockedKey",
    "updateMemberNotificationChannelSetting",
    "updateMemberNotificationChannelSettings",
    "updateMemberSavedSearch",
    "uploadMemberAvatar",
    "uploadMemberCustomEmoji",
    "uploadMemberCustomSticker",
  ],
  "notifications": [
    "getNotification",
    "getNotificationBoard",
    "getNotificationCard",
    "getNotificationCreator",
    "getNotificationField",
    "getNotificationList",
    "getNotificationMember",
    "getNotificationOrganization",
    "markAllNotificationsRead",
    "updateNotification",
    "updateNotificationUnreadStatus",
  ],
  "organizations": [
    "createOrganization",
    "createOrganizationExport",
    "createOrganizationTag",
    "deactivateOrganizationMember",
    "deleteOrganization",
    "deleteOrganizationAssociatedDomain",
    "deleteOrganizationInviteRestriction",
    "deleteOrganizationLogo",
    "deleteOrganizationTag",
    "getOrganization",
    "getOrganizationActions",
    "getOrganizationBoards",
    "getOrganizationExports",
    "getOrganizationField",
    "getOrganizationMembers",
    "getOrganizationMembership",
    "getOrganizationMemberships",
    "getOrganizationNewBillableGuests",
    "getOrganizationPluginData",
    "getOrganizationTags",
    "removeOrganizationMember",
    "removeOrganizationMemberFromAllBoards",
    "updateOrganization",
    "updateOrganizationMember",
    "updateOrganizationMembers",
    "uploadOrganizationLogo",
  ],
  "plugins": [
    "createPluginListing",
    "getPlugin",
    "getPluginMemberPrivacyCompliance",
    "updatePlugin",
    "updatePluginListing",
  ],
  "search": [
    "search",
    "searchMembers",
  ],
  "tokens": [
    "createTokenWebhook",
    "deleteToken",
    "deleteTokenWebhook",
    "getToken",
    "getTokenMember",
    "getTokenWebhook",
    "getTokenWebhooks",
    "updateTokenWebhook",
  ],
  "webhooks": [
    "createWebhook",
    "deleteWebhook",
    "getWebhook",
    "getWebhookField",
    "updateWebhook",
  ],
}
`;
